// Jest Snapshot v1, https://goo.gl/fbAQLP

exports[`<TodoForm /> has input and a button 1`] = `
<div>
  <form>
    <input
      placeholder="할 일을 입력하세요"
    />
    <button
      type="submit"
    >
      등록하기
    </button>
  </form>
</div>
`;
